
> frontend@0.1.0 build
> next build

Ôû▓ Next.js 16.1.6 (Turbopack)

node.exe : ÔÜá The "middleware" file 
convention is deprecated. Please use 
"proxy" instead. Learn more: https://nex
tjs.org/docs/messages/middleware-to-prox
y
Au caractère Ligne:1 : 1
+ & "C:\Program Files\nodejs/node.exe" 
"C:\Program Files\nodejs/node_mo ...
+ ~~~~~~~~~~~~~~~~~~~~~~~~~~~~~~~~~~~~~~
~~~~~~~~~~~~~~~~~~~~~~~~~~~~~~~
    + CategoryInfo          : NotSpecif 
   ied: (ÔÜá The "middle...leware-to-p  
  roxy:String) [], RemoteException
    + FullyQualifiedErrorId : NativeCom 
   mandError
 
  Creating an optimized production build ...
Ô£ô Compiled successfully in 11.9s
  Running TypeScript ...
  Collecting page data using 7 workers ...
  Generating static pages using 7 workers (0/8) ...
  Generating static pages using 7 workers (2/8) 
  Generating static pages using 7 workers (4/8) 
  Generating static pages using 7 workers (6/8) 
Ô£ô Generating static pages using 7 workers (8/8) in 572.1ms
  Finalizing page optimization ...

Route (app)
Ôöî Ôùï /
Ôö£ Ôùï /_not-found
Ôö£ Ôùï /ingredients
Ôö£ Ôùï /optimization
Ôö£ Ôùï /purchasing
Ôöö Ôùï /recipes


ãÆ Proxy (Middleware)

Ôùï  (Static)  prerendered as static content

